C51 COMPILER V9.54   TEST                                                                  03/03/2016 16:28:43 PAGE 1   


C51 COMPILER V9.54, COMPILATION OF MODULE TEST
OBJECT MODULE PLACED IN .\Objects\test.obj
COMPILER INVOKED BY: C:\Keil_v5\C51\BIN\C51.EXE test.c OPTIMIZE(8,SPEED) BROWSE DEBUG OBJECTEXTEND PRINT(.\Listings\test
                    -.lst) TABS(2) OBJECT(.\Objects\test.obj)

line level    source

   1          #include<reg51.h>
   2          sfr l_data=0x90;
   3          sbit rs=P2^2;
   4          sbit rw=P2^1;
   5          sbit e=P2^0;
   6          sbit ledr=P2^3;
   7          sbit ledg=P2^4;
   8          sbit relay=P2^7;
   9          unsigned char dist,d[4]={48,48,48,48};
  10          unsigned char rdata1[12];
  11          unsigned char rdata2[29];
  12          void cmd(unsigned int value);
  13          void disp(unsigned int value);
  14          void delay(unsigned int k);
  15          void print(unsigned char ch[]);
  16          void init();
  17          void srinitialize();
  18          void start();
  19          void puts(char* p);
  20          void putc(unsigned char chr);
  21          void recieve1();
  22          void recieve2();
  23          void main()
  24          {
  25   1        int i=0,a=0,b=0,c=0,e=0,k=0,j=0;
  26   1        char g='0';
  27   1        relay=0;
  28   1        dist=0;
  29   1        init();
  30   1        start();
  31   1        srinitialize();
  32   1        delay(4000);
  33   1        cmd(0x01);
  34   1        delay(2);
  35   1        cmd(0x80);
  36   1        delay(2);
  37   1        print("AT COMMANDS");
  38   1        delay(5000);
  39   1        puts("AT+CIPSHUT\r");
  40   1        delay(100);
  41   1        puts("AT+CIPMUX=0\r");
  42   1        delay(100);
  43   1        puts("AT+CGATT=1\r");
  44   1        delay(100);
  45   1        puts("AT+CSTT=\"SMARTNET\",\"\",\"\"\r");
  46   1        delay(100);
  47   1        puts("AT+CIICR\r");
  48   1        delay(1000);
  49   1        puts("AT+CIFSR\r");
  50   1        delay(100);
  51   1        puts("AT+SAPBR=1,1\r");
  52   1        delay(1000);
  53   1        puts("AT+HTTPINIT\r");
  54   1        delay(100);
C51 COMPILER V9.54   TEST                                                                  03/03/2016 16:28:43 PAGE 2   

  55   1       while(1)
  56   1       {
  57   2         relay=0;
  58   2         ledr=ledg=0;
  59   2         cmd(0x01);
  60   2         delay(10);
  61   2         cmd(0x80);
  62   2         delay(10);
  63   2         for(j=0;j<12;j++)
  64   2         rdata1[j]=0;
  65   2         for(k=0;k<29;k++)
  66   2         rdata2[k]=0;
  67   2         dist=P0;
  68   2         a=dist/1000;
  69   2         dist=dist%1000;
  70   2         b=dist/100;
  71   2         dist=dist%100;
  72   2         c=dist/10;
  73   2         dist=dist%10;
  74   2         e=dist;
  75   2         d[0]=a+48;
  76   2         d[1]=b+48;
  77   2         d[2]=c+48;
  78   2         d[3]=e+48;
  79   2         print("SCAN YOUR CARD");
  80   2         recieve1();
  81   2         puts("AT+HTTPPARA=\"URL\",\"http://techachiever.com/ibus.php?taid=");
  82   2         puts(rdata1);
  83   2         puts("&frm=100&dist=");
  84   2         putc(g);
  85   2         puts(d);
  86   2         puts("\"\r");
  87   2         delay(100);
  88   2         puts("AT+HTTPACTION=0\r");
  89   2         cmd(0x01);
  90   2         delay(10);
  91   2         cmd(0x80);
  92   2         delay(10);
  93   2         print("CARD SCANNED");
  94   2         delay(2000);
  95   2         relay=1;
  96   2         puts("AT+HTTPREAD\r");
  97   2         recieve2();
  98   2         if(rdata2[28]==52)
  99   2         {
 100   3           ledr=1;
 101   3           cmd(0x01);
 102   3           delay(10);
 103   3           cmd(0x80);
 104   3           delay(10);
 105   3           print("INVALID CARD");
 106   3         }
 107   2         else if(rdata2[28]==49)
 108   2         {
 109   3           ledr=1;
 110   3           cmd(0x01);
 111   3           delay(10);
 112   3           cmd(0x80);
 113   3           delay(10);
 114   3           print("WELCOME TO");
 115   3           cmd(0xC0);
 116   3           delay(10);
C51 COMPILER V9.54   TEST                                                                  03/03/2016 16:28:43 PAGE 3   

 117   3           print("TELE-RICKSHAW");
 118   3         }
 119   2         else if(rdata2[28]==50)
 120   2         {
 121   3           ledr=1;
 122   3           cmd(0x01);
 123   3           delay(10);
 124   3           cmd(0x80);
 125   3           delay(10);
 126   3           print("YOU DON'T HAVE");
 127   3           delay(10);
 128   3           cmd(0xc0);
 129   3           delay(10);
 130   3           print("ENOUGH BALANCE");
 131   3         }
 132   2         else if(rdata2[28]==51)
 133   2         {
 134   3           ledr=1;
 135   3           cmd(0x01);
 136   3           delay(10);
 137   3           cmd(0x80);
 138   3           delay(10);
 139   3           print("THANKS");
 140   3           delay(10);
 141   3           cmd(0xc0);
 142   3           delay(10);
 143   3           print("DISTANCE=");
 144   3           disp(a+48);
 145   3           disp(b+48);
 146   3           disp(c+48);
 147   3           disp(e+48);
 148   3           print(" M");
 149   3         }
 150   2         else
 151   2         {
 152   3           cmd(0x01);
 153   3           delay(10);
 154   3           cmd(0x80);
 155   3           delay(10);
 156   3           print("SERVER ERROR");
 157   3         }
 158   2         delay(500);
 159   2       }
 160   1       }
 161          void recieve1()    
 162          {
 163   1          unsigned char k;
 164   1           for(k=0;k<12;k++)
 165   1           { 
 166   2               while(RI==0); 
 167   2                rdata1[k]=SBUF;
 168   2                RI=0;
 169   2          }
 170   1      }
 171          void recieve2()    
 172          {
 173   1          unsigned char k;
 174   1           for(k=0;k<30;k++)
 175   1           { 
 176   2               while(RI==0); 
 177   2                rdata2[k]=SBUF;
 178   2                RI=0;
C51 COMPILER V9.54   TEST                                                                  03/03/2016 16:28:43 PAGE 4   

 179   2          }
 180   1      }
 181          void puts(char* p)
 182          {
 183   1       char *temp = p;         
 184   1       while(*temp != 0x00)
 185   1       {
 186   2        putc(*temp);  
 187   2        temp++;
 188   2       } 
 189   1      }
 190          void putc(unsigned char chr)
 191          {
 192   1       SBUF = chr;
 193   1       while(TI==0);          
 194   1       TI=0;                   
 195   1      }
 196          void start()
 197          {
 198   1        cmd(0x80);
 199   1       delay(10);
 200   1       print("GETTING STARTED");
 201   1       cmd(0xc0);
 202   1       delay(10);
 203   1       print("GSM TESTING....");
 204   1       delay(30);
 205   1      }
 206          void init()
 207          {
 208   1        cmd(0x38);
 209   1       delay(10);
 210   1       cmd(0x01);
 211   1       delay(10);
 212   1       cmd(0x0e);
 213   1       delay(10);
 214   1       cmd(0x06);
 215   1       delay(10);
 216   1      }
 217          void srinitialize()
 218          {
 219   1       SCON  = 0x50;   
 220   1       TMOD  = 0x20;  
 221   1       TH1   = 0xFD;  
 222   1       TR1   = 1;     
 223   1      }
 224           void print(unsigned char ch[])
 225           {
 226   1       int i=0;
 227   1       while(ch[i]!='\0')
 228   1       {
 229   2       disp(ch[i]);
 230   2       i++;
 231   2       }
 232   1       }
 233           void cmd(unsigned int value)
 234           {
 235   1        l_data=value;
 236   1        rs=0;
 237   1        rw=0;
 238   1        e=1;
 239   1        delay(1);
 240   1        e=0;
C51 COMPILER V9.54   TEST                                                                  03/03/2016 16:28:43 PAGE 5   

 241   1        }
 242            void disp(unsigned int value)
 243            {
 244   1         l_data=value;
 245   1         rs=1;
 246   1         rw=0;
 247   1         e=1;
 248   1         delay(1);
 249   1         e=0;       
 250   1         }
 251             void delay(unsigned int k)
 252             {
 253   1          unsigned int i,j;
 254   1        for(i=0;i<=k;i++)
 255   1        for(j=0;j<1275;j++);
 256   1        }


MODULE INFORMATION:   STATIC OVERLAYABLE
   CODE SIZE        =   1100    ----
   CONSTANT SIZE    =    389    ----
   XDATA SIZE       =   ----    ----
   PDATA SIZE       =   ----    ----
   DATA SIZE        =     46      23
   IDATA SIZE       =   ----    ----
   BIT SIZE         =   ----    ----
END OF MODULE INFORMATION.


C51 COMPILATION COMPLETE.  0 WARNING(S),  0 ERROR(S)
